
> booking@0.1.0 build
> next build

Γû▓ Next.js 16.1.6 (Turbopack)
- Environments: .env.local, .env

node.exe : ΓÜá The "middleware" file convention is deprecated. Please use 
"proxy" instead. Learn more: 
https://nextjs.org/docs/messages/middleware-to-proxy
At C:\Program Files\nodejs\npm.ps1:29 char:3
+   & $NODE_EXE $NPM_CLI_JS $args
+   ~~~~~~~~~~~~~~~~~~~~~~~~~~~~~
    + CategoryInfo          : NotSpecified: (ΓÜá The "middle...leware-to-proxy 
   :String) [], RemoteException
    + FullyQualifiedErrorId : NativeCommandError
 
  Creating an optimized production build ...
/*! ≡ƒî╝ daisyUI 5.5.19 */
Γ£ô Compiled successfully in 6.1s
  Running TypeScript ...
  Collecting page data using 11 workers ...
  Generating static pages using 11 workers (0/32) ...
  Generating static pages using 11 workers (8/32) 
  Generating static pages using 11 workers (16/32) 
  Generating static pages using 11 workers (24/32) 
Γ£ô Generating static pages using 11 workers (32/32) in 2.3s
  Finalizing page optimization ...

Route (app)
Γöî ╞Æ /
Γö£ Γùï /_not-found
Γö£ ╞Æ /api/auth/login
Γö£ ╞Æ /api/auth/me
Γö£ ╞Æ /api/auth/register
Γö£ ╞Æ /api/auth/social
Γö£ ╞Æ /api/bookings
Γö£ ╞Æ /api/debug/users
Γö£ ╞Æ /api/payments/create
Γö£ ╞Æ /api/payments/status
Γö£ ╞Æ /api/seed
Γö£ ╞Æ /api/services
Γö£ ╞Æ /api/services/[id]
Γö£ ╞Æ /api/user/businesses
Γö£ ╞Æ /api/user/profile
Γö£ ╞Æ /api/webhooks/momo
Γö£ ╞Æ /api/webhooks/vnpay
Γö£ ╞Æ /api/webhooks/zalopay
Γö£ Γùï /auth/callback
Γö£ Γùï /auth/login
Γö£ ╞Æ /auth/logout
Γö£ Γùï /auth/signup
Γö£ ╞Æ /business/[id]
Γö£ ╞Æ /dashboard
Γö£ ╞Æ /dashboard/bookings
Γö£ ╞Æ /dashboard/business-hours
Γö£ ╞Æ /dashboard/create-service
Γö£ ╞Æ /dashboard/customer/bookings
Γö£ Γùï /dashboard/services
Γö£ ╞Æ /dashboard/users
Γö£ Γùï /payments/result
Γöö ╞Æ /search


╞Æ Proxy (Middleware)

Γùï  (Static)   prerendered as static content
╞Æ  (Dynamic)  server-rendered on demand

